// Jest Snapshot v1, https://goo.gl/fbAQLP

exports[`renders correctly 1`] = `
<View
  style={
    Object {
      "backgroundColor": "#000",
      "flex": 1,
    }
  }
>
  <View
    style={
      Object {
        "alignItems": "center",
        "flex": 1,
        "flexDirection": "column",
        "justifyContent": "center",
      }
    }
  >
    <Image
      source={
        Object {
          "uri": "https://drscdn.500px.org/photo/247377659/m%3D900_k%3D1_a%3D1/v2?client_application_id=27071&webp=true&sig=b5b4070666461be985e7890d9c3b26054ae52c8c882fe9b6120bb2c627b53204",
        }
      }
      style={
        Object {
          "flex": 1,
          "width": 667.5,
        }
      }
    />
  </View>
</View>
`;
